******************************************************************************
                  TI ARM Linker PC v5.1.6                      
******************************************************************************
>> Linked Sat Jan 17 23:10:36 2015

OUTPUT FILE NAME:   <TLV5616 example.out>
ENTRY POINT SYMBOL: "_c_int00"  address: 000007a9


MEMORY CONFIGURATION

         name            origin    length      used     unused   attr    fill
----------------------  --------  ---------  --------  --------  ----  --------
  FLASH                 00000000   00040000  00000afe  0003f502  R  X
  SRAM                  20000000   00008000  0000048c  00007b74  RW X


SEGMENT ALLOCATION MAP

run origin  load origin   length   init length attrs members
----------  ----------- ---------- ----------- ----- -------
00000000    00000000    00000b00   00000b00    r-x
  00000000    00000000    0000026c   0000026c    r-- .intvecs
  0000026c    0000026c    000007c2   000007c2    r-x .text
  00000a30    00000a30    00000090   00000090    r-- .const
  00000ac0    00000ac0    00000040   00000040    r-- .cinit
20000000    20000000    0000048c   00000000    rw-
  20000000    20000000    0000026c   00000000    rw- .vtable
  2000026c    2000026c    00000200   00000000    rw- .stack
  2000046c    2000046c    00000020   00000000    rw- .data


SECTION ALLOCATION MAP

 output                                  attributes/
section   page    origin      length       input sections
--------  ----  ----------  ----------   ----------------
.intvecs   0    00000000    0000026c     
                  00000000    0000026c     tm4c123gh6pm_startup_ccs.obj (.intvecs)

.init_array 
*          0    00000000    00000000     UNINITIALIZED

.text      0    0000026c    000007c2     
                  0000026c    00000144     main.obj (.text)
                  000003b0    00000130     driverlib.lib : gpio.obj (.text:GPIOPadConfigSet)
                  000004e0    000000f0                   : sysctl.obj (.text:SysCtlClockSet)
                  000005d0    0000009c     rtsv7M4_T_le_v4SPD16_eabi.lib : memcpy_t2.obj (.text)
                  0000066c    00000094                                   : auto_init.obj (.text)
                  00000700    0000005e                                   : copy_decompress_rle.obj (.text)
                  0000075e    00000002     --HOLE-- [fill = 0]
                  00000760    00000048     driverlib.lib : gpio.obj (.text:GPIOPinConfigure)
                  000007a8    00000048     rtsv7M4_T_le_v4SPD16_eabi.lib : boot.obj (.text)
                  000007f0    00000044                                   : cpy_tbl.obj (.text)
                  00000834    00000044                                   : exit.obj (.text)
                  00000878    00000042     driverlib.lib : ssi.obj (.text:SSIConfigSetExpClk)
                  000008ba    00000002     --HOLE-- [fill = 0]
                  000008bc    00000034                   : interrupt.obj (.text:IntRegister)
                  000008f0    00000034                   : sysctl.obj (.text:SysCtlPeripheralEnable)
                  00000924    0000002a                   : gpio.obj (.text:GPIODirModeSet)
                  0000094e    00000002     --HOLE-- [fill = 0]
                  00000950    0000001c                   : systick.obj (.text:SysTickIntRegister)
                  0000096c    00000018     rtsv7M4_T_le_v4SPD16_eabi.lib : args_main.obj (.text)
                  00000984    00000014     driverlib.lib : systick.obj (.text:SysTickEnable)
                  00000998    00000014                   : systick.obj (.text:SysTickIntEnable)
                  000009ac    00000014     rtsv7M4_T_le_v4SPD16_eabi.lib : _lock.obj (.text)
                  000009c0    00000012     driverlib.lib : gpio.obj (.text:GPIOPinTypeSSI)
                  000009d2    00000012     rtsv7M4_T_le_v4SPD16_eabi.lib : copy_zero_init.obj (.text:decompress:ZI)
                  000009e4    00000010     driverlib.lib : systick.obj (.text:SysTickPeriodSet)
                  000009f4    0000000e     rtsv7M4_T_le_v4SPD16_eabi.lib : copy_decompress_none.obj (.text:decompress:none)
                  00000a02    0000000c     tm4c123gh6pm_startup_ccs.obj (.text)
                  00000a0e    0000000a     driverlib.lib : ssi.obj (.text:SSIDataPut)
                  00000a18    0000000a                   : ssi.obj (.text:SSIEnable)
                  00000a22    00000006                   : sysctl.obj (.text:SysCtlDelay)
                  00000a28    00000006     rtsv7M4_T_le_v4SPD16_eabi.lib : copy_decompress_rle.obj (.text:decompress:rle24)

.const     0    00000a30    00000090     
                  00000a30    00000090     driverlib.lib : gpio.obj (.const:g_pui32GPIOBaseAddrs)

.cinit     0    00000ac0    00000040     
                  00000ac0    0000001a     (.cinit..data.load) [load image, compression = rle]
                  00000ada    00000002     --HOLE-- [fill = 0]
                  00000adc    0000000c     (__TI_handler_table)
                  00000ae8    00000008     (.cinit..vtable.load) [load image, compression = zero_init]
                  00000af0    00000010     (__TI_cinit_table)

.vtable    0    20000000    0000026c     UNINITIALIZED
                  20000000    0000026c     driverlib.lib : interrupt.obj (.vtable)

.stack     0    2000026c    00000200     UNINITIALIZED
                  2000026c    00000200     --HOLE--

.data      0    2000046c    00000020     UNINITIALIZED
                  2000046c    0000000c     main.obj (.data)
                  20000478    00000008     rtsv7M4_T_le_v4SPD16_eabi.lib : _lock.obj (.data)
                  20000480    00000008                                   : exit.obj (.data)
                  20000488    00000004                                   : stkdepth_vars.obj (.data)


LINKER GENERATED COPY TABLES

__TI_cinit_table @ 00000af0 records: 2, size/record: 8, table size: 16
	.data: load addr=00000ac0, load size=0000001a bytes, run addr=2000046c, run size=00000020 bytes, compression=rle
	.vtable: load addr=00000ae8, load size=00000008 bytes, run addr=20000000, run size=0000026c bytes, compression=zero_init


LINKER GENERATED HANDLER TABLE

__TI_handler_table @ 00000adc records: 3, size/record: 4, table size: 12
	index: 0, handler: __TI_zero_init
	index: 1, handler: __TI_decompress_rle24
	index: 2, handler: __TI_decompress_none


GLOBAL SYMBOLS: SORTED ALPHABETICALLY BY Name 

address    name
--------   ----
00000835   C$$EXIT
00000305   DACDataPut
00000925   GPIODirModeSet
000003b1   GPIOPadConfigSet
00000761   GPIOPinConfigure
000009c1   GPIOPinTypeSSI
000008bd   IntRegister
00000a03   ResetISR
UNDEFED    SHT$$INIT_ARRAY$$Base
UNDEFED    SHT$$INIT_ARRAY$$Limit
000002ad   SPIInit
00000879   SSIConfigSetExpClk
00000a0f   SSIDataPut
00000a19   SSIEnable
0000026d   SycTickInt
000004e1   SysCtlClockSet
00000a23   SysCtlDelay
000008f1   SysCtlPeripheralEnable
00000985   SysTickEnable
00000999   SysTickIntEnable
00000951   SysTickIntRegister
000009e5   SysTickPeriodSet
00000277   SysTickbegin
0000028f   Wait
2000046c   __STACK_END
00000200   __STACK_SIZE
2000046c   __STACK_TOP
00000af0   __TI_CINIT_Base
00000b00   __TI_CINIT_Limit
00000adc   __TI_Handler_Table_Base
00000ae8   __TI_Handler_Table_Limit
00000001   __TI_args_main
0000066d   __TI_auto_init
20000480   __TI_cleanup_ptr
000009f5   __TI_decompress_none
00000a29   __TI_decompress_rle24
20000484   __TI_dtors_ptr
00000000   __TI_static_base__
000009d3   __TI_zero_init
000005d1   __aeabi_memcpy
000005d1   __aeabi_memcpy4
000005d1   __aeabi_memcpy8
ffffffff   __binit__
ffffffff   __c_args__
2000026c   __stack
0000096d   _args_main
000007a9   _c_int00
20000478   _lock
000009bb   _nop
000009b3   _register_lock
000009ad   _register_unlock
2000047c   _unlock
00000839   abort
ffffffff   binit
000007f1   copy_in
00000841   exit
20000000   g_pfnRAMVectors
00000000   g_pfnVectors
0000031b   main
20000488   main_func_sp
000005d1   memcpy
2000046c   millis
20000470   step
20000474   time


GLOBAL SYMBOLS: SORTED BY Symbol Address 

address    name
--------   ----
00000000   __TI_static_base__
00000000   g_pfnVectors
00000001   __TI_args_main
00000200   __STACK_SIZE
0000026d   SycTickInt
00000277   SysTickbegin
0000028f   Wait
000002ad   SPIInit
00000305   DACDataPut
0000031b   main
000003b1   GPIOPadConfigSet
000004e1   SysCtlClockSet
000005d1   __aeabi_memcpy
000005d1   __aeabi_memcpy4
000005d1   __aeabi_memcpy8
000005d1   memcpy
0000066d   __TI_auto_init
00000761   GPIOPinConfigure
000007a9   _c_int00
000007f1   copy_in
00000835   C$$EXIT
00000839   abort
00000841   exit
00000879   SSIConfigSetExpClk
000008bd   IntRegister
000008f1   SysCtlPeripheralEnable
00000925   GPIODirModeSet
00000951   SysTickIntRegister
0000096d   _args_main
00000985   SysTickEnable
00000999   SysTickIntEnable
000009ad   _register_unlock
000009b3   _register_lock
000009bb   _nop
000009c1   GPIOPinTypeSSI
000009d3   __TI_zero_init
000009e5   SysTickPeriodSet
000009f5   __TI_decompress_none
00000a03   ResetISR
00000a0f   SSIDataPut
00000a19   SSIEnable
00000a23   SysCtlDelay
00000a29   __TI_decompress_rle24
00000adc   __TI_Handler_Table_Base
00000ae8   __TI_Handler_Table_Limit
00000af0   __TI_CINIT_Base
00000b00   __TI_CINIT_Limit
20000000   g_pfnRAMVectors
2000026c   __stack
2000046c   __STACK_END
2000046c   __STACK_TOP
2000046c   millis
20000470   step
20000474   time
20000478   _lock
2000047c   _unlock
20000480   __TI_cleanup_ptr
20000484   __TI_dtors_ptr
20000488   main_func_sp
ffffffff   __binit__
ffffffff   __c_args__
ffffffff   binit
UNDEFED    SHT$$INIT_ARRAY$$Base
UNDEFED    SHT$$INIT_ARRAY$$Limit

[64 symbols]
