******************************************************************************
                  TI ARM Linker PC v5.1.5                      
******************************************************************************
>> Linked Sat Oct 25 14:51:26 2014

OUTPUT FILE NAME:   <srf04.out>
ENTRY POINT SYMBOL: "_c_int00"  address: 00000ed9


MEMORY CONFIGURATION

         name            origin    length      used     unused   attr    fill
----------------------  --------  ---------  --------  --------  ----  --------
  FLASH                 00000000   00040000  000015da  0003ea26  R  X
  SRAM                  20000000   00008000  0000048c  00007b74  RW X


SEGMENT ALLOCATION MAP

run origin  load origin   length   init length attrs members
----------  ----------- ---------- ----------- ----- -------
00000000    00000000    000015e0   000015e0    r-x
  00000000    00000000    0000026c   0000026c    r-- .intvecs
  0000026c    0000026c    0000107c   0000107c    r-x .text
  000012e8    000012e8    000002ba   000002ba    r-- .const
  000015a8    000015a8    00000038   00000038    r-- .cinit
20000000    20000000    0000048c   00000000    rw-
  20000000    20000000    0000026c   00000000    rw- .vtable
  2000026c    2000026c    00000200   00000000    rw- .stack
  2000046c    2000046c    00000020   00000000    rw- .data


SECTION ALLOCATION MAP

 output                                  attributes/
section   page    origin      length       input sections
--------  ----  ----------  ----------   ----------------
.intvecs   0    00000000    0000026c     
                  00000000    0000026c     tm4c123gh6pm_startup_ccs.obj (.intvecs)

.init_array 
*          0    00000000    00000000     UNINITIALIZED

.text      0    0000026c    0000107c     
                  0000026c    0000065c     main.obj (.text)
                  000008c8    00000130     driverlib.lib : gpio.obj (.text:GPIOPadConfigSet)
                  000009f8    000000fc     rtsv7M4_T_le_v4SPD16_eabi.lib : fd_mul_t2.obj (.text)
                  00000af4    000000f0     driverlib.lib : sysctl.obj (.text:SysCtlClockSet)
                  00000be4    0000009c     rtsv7M4_T_le_v4SPD16_eabi.lib : memcpy_t2.obj (.text)
                  00000c80    00000094                                   : auto_init.obj (.text)
                  00000d14    00000068     driverlib.lib : interrupt.obj (.text:IntEnable)
                  00000d7c    00000060                   : timer.obj (.text:TimerConfigure)
                  00000ddc    0000005e     rtsv7M4_T_le_v4SPD16_eabi.lib : copy_decompress_rle.obj (.text)
                  00000e3a    00000056     driverlib.lib : gpio.obj (.text:GPIOIntTypeSet)
                  00000e90    00000048                   : gpio.obj (.text:GPIOPinConfigure)
                  00000ed8    00000048     rtsv7M4_T_le_v4SPD16_eabi.lib : boot.obj (.text)
                  00000f20    00000044                                   : cpy_tbl.obj (.text)
                  00000f64    00000044                                   : exit.obj (.text)
                  00000fa8    00000044                                   : fd_tou_t2.obj (.text)
                  00000fec    00000042     driverlib.lib : uart.obj (.text:UARTConfigSetExpClk)
                  0000102e    00000042     rtsv7M4_T_le_v4SPD16_eabi.lib : u_divt2.obj (.text)
                  00001070    00000040     driverlib.lib : gpio.obj (.text:_GPIOIntNumberGet)
                  000010b0    00000038                   : sysctl.obj (.text:SysCtlPeripheralPresent)
                  000010e8    00000034                   : interrupt.obj (.text:IntRegister)
                  0000111c    00000034                   : sysctl.obj (.text:SysCtlPeripheralEnable)
                  00001150    0000002a                   : gpio.obj (.text:GPIODirModeSet)
                  0000117a    00000020     rtsv7M4_T_le_v4SPD16_eabi.lib : u_tofd_t2.obj (.text)
                  0000119a    00000002     --HOLE-- [fill = 0]
                  0000119c    0000001c     driverlib.lib : uart.obj (.text:UARTDisable)
                  000011b8    00000018                   : gpio.obj (.text:GPIOIntRegister)
                  000011d0    00000018                   : gpio.obj (.text:GPIOPinTypeGPIOOutput)
                  000011e8    00000018     rtsv7M4_T_le_v4SPD16_eabi.lib : args_main.obj (.text)
                  00001200    00000014     driverlib.lib : timer.obj (.text:TimerDisable)
                  00001214    00000014                   : uart.obj (.text:UARTEnable)
                  00001228    00000014     rtsv7M4_T_le_v4SPD16_eabi.lib : _lock.obj (.text)
                  0000123c    00000012     driverlib.lib : gpio.obj (.text:GPIOPinTypeGPIOInput)
                  0000124e    00000012                   : gpio.obj (.text:GPIOPinTypeUART)
                  00001260    00000012     rtsv7M4_T_le_v4SPD16_eabi.lib : copy_zero_init.obj (.text:decompress:ZI)
                  00001272    0000000e     driverlib.lib : timer.obj (.text:TimerEnable)
                  00001280    0000000e     rtsv7M4_T_le_v4SPD16_eabi.lib : copy_decompress_none.obj (.text:decompress:none)
                  0000128e    0000000c     driverlib.lib : gpio.obj (.text:GPIOIntEnable)
                  0000129a    0000000c     tm4c123gh6pm_startup_ccs.obj (.text)
                  000012a6    0000000a     driverlib.lib : timer.obj (.text:TimerValueGet)
                  000012b0    0000000a                   : uart.obj (.text:UARTCharGet)
                  000012ba    0000000a                   : uart.obj (.text:UARTCharPut)
                  000012c4    00000006                   : gpio.obj (.text:GPIOIntClear)
                  000012ca    00000006                   : gpio.obj (.text:GPIOPinRead)
                  000012d0    00000006                   : gpio.obj (.text:GPIOPinWrite)
                  000012d6    00000006                   : sysctl.obj (.text:SysCtlDelay)
                  000012dc    00000006                   : uart.obj (.text:UARTClockSourceSet)
                  000012e2    00000006     rtsv7M4_T_le_v4SPD16_eabi.lib : copy_decompress_rle.obj (.text:decompress:rle24)

.const     0    000012e8    000002ba     
                  000012e8    000000c0     driverlib.lib : gpio.obj (.const:g_ppui32GPIOIntMapBlizzard)
                  000013a8    000000c0                   : gpio.obj (.const:g_ppui32GPIOIntMapSnowflake)
                  00001468    00000090                   : gpio.obj (.const:g_pui32GPIOBaseAddrs)
                  000014f8    00000070                   : interrupt.obj (.const)
                  00001568    00000028     main.obj (.const)
                  00001590    00000012     main.obj (.const:.string)

.cinit     0    000015a8    00000038     
                  000015a8    00000012     (.cinit..data.load) [load image, compression = rle]
                  000015ba    00000002     --HOLE-- [fill = 0]
                  000015bc    0000000c     (__TI_handler_table)
                  000015c8    00000008     (.cinit..vtable.load) [load image, compression = zero_init]
                  000015d0    00000010     (__TI_cinit_table)

.vtable    0    20000000    0000026c     UNINITIALIZED
                  20000000    0000026c     driverlib.lib : interrupt.obj (.vtable)

.stack     0    2000026c    00000200     UNINITIALIZED
                  2000026c    00000200     --HOLE--

.data      0    2000046c    00000020     UNINITIALIZED
                  2000046c    0000000a     main.obj (.data)
                  20000476    00000002     --HOLE--
                  20000478    00000008     rtsv7M4_T_le_v4SPD16_eabi.lib : _lock.obj (.data)
                  20000480    00000008                                   : exit.obj (.data)
                  20000488    00000004                                   : stkdepth_vars.obj (.data)


LINKER GENERATED COPY TABLES

__TI_cinit_table @ 000015d0 records: 2, size/record: 8, table size: 16
	.data: load addr=000015a8, load size=00000012 bytes, run addr=2000046c, run size=00000020 bytes, compression=rle
	.vtable: load addr=000015c8, load size=00000008 bytes, run addr=20000000, run size=0000026c bytes, compression=zero_init


LINKER GENERATED HANDLER TABLE

__TI_handler_table @ 000015bc records: 3, size/record: 4, table size: 12
	index: 0, handler: __TI_zero_init
	index: 1, handler: __TI_decompress_rle24
	index: 2, handler: __TI_decompress_none


GLOBAL SYMBOLS: SORTED ALPHABETICALLY BY Name 

address    name
--------   ----
00000f65   C$$EXIT
00000813   Captureinit
00001151   GPIODirModeSet
000012c5   GPIOIntClear
0000128f   GPIOIntEnable
000011b9   GPIOIntRegister
00000e3b   GPIOIntTypeSet
000008c9   GPIOPadConfigSet
00000e91   GPIOPinConfigure
000012cb   GPIOPinRead
0000123d   GPIOPinTypeGPIOInput
000011d1   GPIOPinTypeGPIOOutput
0000124f   GPIOPinTypeUART
000012d1   GPIOPinWrite
00000833   InitConsole
00000d15   IntEnable
000010e9   IntRegister
0000129b   ResetISR
UNDEFED    SHT$$INIT_ARRAY$$Base
UNDEFED    SHT$$INIT_ARRAY$$Limit
00000af5   SysCtlClockSet
000012d7   SysCtlDelay
0000111d   SysCtlPeripheralEnable
000010b1   SysCtlPeripheralPresent
00000d7d   TimerConfigure
00001201   TimerDisable
00001273   TimerEnable
000012a7   TimerValueGet
000012b1   UARTCharGet
000012bb   UARTCharPut
000012dd   UARTClockSourceSet
00000fed   UARTConfigSetExpClk
0000119d   UARTDisable
00001215   UARTEnable
0000026d   UARTStdioConfig
000003b3   UARTgetc
000002f9   UARTgets
000006d3   UARTprintf
000003d9   UARTvprintf
000002b3   UARTwrite
2000046c   __STACK_END
00000200   __STACK_SIZE
2000046c   __STACK_TOP
000015d0   __TI_CINIT_Base
000015e0   __TI_CINIT_Limit
000015bc   __TI_Handler_Table_Base
000015c8   __TI_Handler_Table_Limit
00000001   __TI_args_main
00000c81   __TI_auto_init
20000480   __TI_cleanup_ptr
00001281   __TI_decompress_none
000012e3   __TI_decompress_rle24
20000484   __TI_dtors_ptr
00000000   __TI_static_base__
00001261   __TI_zero_init
00000fa9   __aeabi_d2uiz
000009f9   __aeabi_dmul
00000be5   __aeabi_memcpy
00000be5   __aeabi_memcpy4
00000be5   __aeabi_memcpy8
0000117b   __aeabi_ui2d
0000102f   __aeabi_uidivmod
ffffffff   __binit__
ffffffff   __c_args__
2000026c   __stack
000011e9   _args_main
00000ed9   _c_int00
20000478   _lock
00001237   _nop
0000122f   _register_lock
00001229   _register_unlock
2000047c   _unlock
00000f69   abort
ffffffff   binit
00000f21   copy_in
20000474   echowait
00000f71   exit
20000000   g_pfnRAMVectors
00000000   g_pfnVectors
000007c7   inputInt
000006f7   main
20000488   main_func_sp
00000be5   memcpy
20000470   pulse
00001588   temp


GLOBAL SYMBOLS: SORTED BY Symbol Address 

address    name
--------   ----
00000000   __TI_static_base__
00000000   g_pfnVectors
00000001   __TI_args_main
00000200   __STACK_SIZE
0000026d   UARTStdioConfig
000002b3   UARTwrite
000002f9   UARTgets
000003b3   UARTgetc
000003d9   UARTvprintf
000006d3   UARTprintf
000006f7   main
000007c7   inputInt
00000813   Captureinit
00000833   InitConsole
000008c9   GPIOPadConfigSet
000009f9   __aeabi_dmul
00000af5   SysCtlClockSet
00000be5   __aeabi_memcpy
00000be5   __aeabi_memcpy4
00000be5   __aeabi_memcpy8
00000be5   memcpy
00000c81   __TI_auto_init
00000d15   IntEnable
00000d7d   TimerConfigure
00000e3b   GPIOIntTypeSet
00000e91   GPIOPinConfigure
00000ed9   _c_int00
00000f21   copy_in
00000f65   C$$EXIT
00000f69   abort
00000f71   exit
00000fa9   __aeabi_d2uiz
00000fed   UARTConfigSetExpClk
0000102f   __aeabi_uidivmod
000010b1   SysCtlPeripheralPresent
000010e9   IntRegister
0000111d   SysCtlPeripheralEnable
00001151   GPIODirModeSet
0000117b   __aeabi_ui2d
0000119d   UARTDisable
000011b9   GPIOIntRegister
000011d1   GPIOPinTypeGPIOOutput
000011e9   _args_main
00001201   TimerDisable
00001215   UARTEnable
00001229   _register_unlock
0000122f   _register_lock
00001237   _nop
0000123d   GPIOPinTypeGPIOInput
0000124f   GPIOPinTypeUART
00001261   __TI_zero_init
00001273   TimerEnable
00001281   __TI_decompress_none
0000128f   GPIOIntEnable
0000129b   ResetISR
000012a7   TimerValueGet
000012b1   UARTCharGet
000012bb   UARTCharPut
000012c5   GPIOIntClear
000012cb   GPIOPinRead
000012d1   GPIOPinWrite
000012d7   SysCtlDelay
000012dd   UARTClockSourceSet
000012e3   __TI_decompress_rle24
00001588   temp
000015bc   __TI_Handler_Table_Base
000015c8   __TI_Handler_Table_Limit
000015d0   __TI_CINIT_Base
000015e0   __TI_CINIT_Limit
20000000   g_pfnRAMVectors
2000026c   __stack
2000046c   __STACK_END
2000046c   __STACK_TOP
20000470   pulse
20000474   echowait
20000478   _lock
2000047c   _unlock
20000480   __TI_cleanup_ptr
20000484   __TI_dtors_ptr
20000488   main_func_sp
ffffffff   __binit__
ffffffff   __c_args__
ffffffff   binit
UNDEFED    SHT$$INIT_ARRAY$$Base
UNDEFED    SHT$$INIT_ARRAY$$Limit

[85 symbols]
