******************************************************************************
                  TI ARM Linker Unix v5.1.6                    
******************************************************************************
>> Linked Fri Feb 13 22:25:07 2015

OUTPUT FILE NAME:   <Project Template 1.out>
ENTRY POINT SYMBOL: "_c_int00"  address: 0000054d


MEMORY CONFIGURATION

         name            origin    length      used     unused   attr    fill
----------------------  --------  ---------  --------  --------  ----  --------
  FLASH                 00000000   00040000  00000742  0003f8be  R  X
  SRAM                  20000000   00008000  00000484  00007b7c  RW X


SEGMENT ALLOCATION MAP

run origin  load origin   length   init length attrs members
----------  ----------- ---------- ----------- ----- -------
00000000    00000000    00000748   00000748    r-x
  00000000    00000000    0000026c   0000026c    r-- .intvecs
  0000026c    0000026c    0000049e   0000049e    r-x .text
  00000710    00000710    00000038   00000038    r-- .cinit
20000000    20000000    00000484   00000000    rw-
  20000000    20000000    0000026c   00000000    rw- .vtable
  2000026c    2000026c    00000200   00000000    rw- .stack
  2000046c    2000046c    00000018   00000000    rw- .data


SECTION ALLOCATION MAP

 output                                  attributes/
section   page    origin      length       input sections
--------  ----  ----------  ----------   ----------------
.intvecs   0    00000000    0000026c     
                  00000000    0000026c     tm4c123gh6pm_startup_ccs.obj (.intvecs)

.init_array 
*          0    00000000    00000000     UNINITIALIZED

.text      0    0000026c    0000049e     
                  0000026c    000000f0     driverlib.lib : sysctl.obj (.text:SysCtlClockSet)
                  0000035c    0000009c     rtsv7M4_T_le_v4SPD16_eabi.lib : memcpy_t2.obj (.text)
                  000003f8    00000094                                   : auto_init.obj (.text)
                  0000048c    00000060     main.obj (.text)
                  000004ec    0000005e     rtsv7M4_T_le_v4SPD16_eabi.lib : copy_decompress_rle.obj (.text)
                  0000054a    00000002     --HOLE-- [fill = 0]
                  0000054c    00000048                                   : boot.obj (.text)
                  00000594    00000044                                   : cpy_tbl.obj (.text)
                  000005d8    00000044                                   : exit.obj (.text)
                  0000061c    00000034     driverlib.lib : interrupt.obj (.text:IntRegister)
                  00000650    0000001c                   : systick.obj (.text:SysTickIntRegister)
                  0000066c    00000018     rtsv7M4_T_le_v4SPD16_eabi.lib : args_main.obj (.text)
                  00000684    00000014     driverlib.lib : systick.obj (.text:SysTickEnable)
                  00000698    00000014                   : systick.obj (.text:SysTickIntEnable)
                  000006ac    00000014     rtsv7M4_T_le_v4SPD16_eabi.lib : _lock.obj (.text)
                  000006c0    00000012                                   : copy_zero_init.obj (.text:decompress:ZI)
                  000006d2    00000002     --HOLE-- [fill = 0]
                  000006d4    00000010     driverlib.lib : systick.obj (.text:SysTickPeriodSet)
                  000006e4    0000000e     rtsv7M4_T_le_v4SPD16_eabi.lib : copy_decompress_none.obj (.text:decompress:none)
                  000006f2    0000000c     tm4c123gh6pm_startup_ccs.obj (.text)
                  000006fe    00000006     driverlib.lib : sysctl.obj (.text:SysCtlDelay)
                  00000704    00000006     rtsv7M4_T_le_v4SPD16_eabi.lib : copy_decompress_rle.obj (.text:decompress:rle24)

.cinit     0    00000710    00000038     
                  00000710    0000000f     (.cinit..data.load) [load image, compression = rle]
                  0000071f    00000001     --HOLE-- [fill = 0]
                  00000720    0000000c     (__TI_handler_table)
                  0000072c    00000004     --HOLE-- [fill = 0]
                  00000730    00000008     (.cinit..vtable.load) [load image, compression = zero_init]
                  00000738    00000010     (__TI_cinit_table)

.vtable    0    20000000    0000026c     UNINITIALIZED
                  20000000    0000026c     driverlib.lib : interrupt.obj (.vtable)

.stack     0    2000026c    00000200     UNINITIALIZED
                  2000026c    00000200     --HOLE--

.data      0    2000046c    00000018     UNINITIALIZED
                  2000046c    00000008     rtsv7M4_T_le_v4SPD16_eabi.lib : _lock.obj (.data)
                  20000474    00000008                                   : exit.obj (.data)
                  2000047c    00000004     main.obj (.data)
                  20000480    00000004     rtsv7M4_T_le_v4SPD16_eabi.lib : stkdepth_vars.obj (.data)


LINKER GENERATED COPY TABLES

__TI_cinit_table @ 00000738 records: 2, size/record: 8, table size: 16
	.data: load addr=00000710, load size=0000000f bytes, run addr=2000046c, run size=00000018 bytes, compression=rle
	.vtable: load addr=00000730, load size=00000008 bytes, run addr=20000000, run size=0000026c bytes, compression=zero_init


LINKER GENERATED HANDLER TABLE

__TI_handler_table @ 00000720 records: 3, size/record: 4, table size: 12
	index: 0, handler: __TI_zero_init
	index: 1, handler: __TI_decompress_rle24
	index: 2, handler: __TI_decompress_none


GLOBAL SYMBOLS: SORTED ALPHABETICALLY BY Name 

address    name
--------   ----
000005d9   C$$EXIT
0000061d   IntRegister
000006f3   ResetISR
UNDEFED    SHT$$INIT_ARRAY$$Base
UNDEFED    SHT$$INIT_ARRAY$$Limit
0000048d   SycTickInt
0000026d   SysCtlClockSet
000006ff   SysCtlDelay
00000685   SysTickEnable
00000699   SysTickIntEnable
00000651   SysTickIntRegister
000006d5   SysTickPeriodSet
00000497   SysTickbegin
000004af   Wait
2000046c   __STACK_END
00000200   __STACK_SIZE
2000046c   __STACK_TOP
00000738   __TI_CINIT_Base
00000748   __TI_CINIT_Limit
00000720   __TI_Handler_Table_Base
0000072c   __TI_Handler_Table_Limit
00000001   __TI_args_main
000003f9   __TI_auto_init
20000474   __TI_cleanup_ptr
000006e5   __TI_decompress_none
00000705   __TI_decompress_rle24
20000478   __TI_dtors_ptr
00000000   __TI_static_base__
000006c1   __TI_zero_init
0000035d   __aeabi_memcpy
0000035d   __aeabi_memcpy4
0000035d   __aeabi_memcpy8
ffffffff   __binit__
ffffffff   __c_args__
2000026c   __stack
0000066d   _args_main
0000054d   _c_int00
2000046c   _lock
000006bb   _nop
000006b3   _register_lock
000006ad   _register_unlock
20000470   _unlock
000005dd   abort
ffffffff   binit
00000595   copy_in
000005e5   exit
20000000   g_pfnRAMVectors
00000000   g_pfnVectors
000004cd   main
20000480   main_func_sp
0000035d   memcpy
2000047c   millis


GLOBAL SYMBOLS: SORTED BY Symbol Address 

address    name
--------   ----
00000000   __TI_static_base__
00000000   g_pfnVectors
00000001   __TI_args_main
00000200   __STACK_SIZE
0000026d   SysCtlClockSet
0000035d   __aeabi_memcpy
0000035d   __aeabi_memcpy4
0000035d   __aeabi_memcpy8
0000035d   memcpy
000003f9   __TI_auto_init
0000048d   SycTickInt
00000497   SysTickbegin
000004af   Wait
000004cd   main
0000054d   _c_int00
00000595   copy_in
000005d9   C$$EXIT
000005dd   abort
000005e5   exit
0000061d   IntRegister
00000651   SysTickIntRegister
0000066d   _args_main
00000685   SysTickEnable
00000699   SysTickIntEnable
000006ad   _register_unlock
000006b3   _register_lock
000006bb   _nop
000006c1   __TI_zero_init
000006d5   SysTickPeriodSet
000006e5   __TI_decompress_none
000006f3   ResetISR
000006ff   SysCtlDelay
00000705   __TI_decompress_rle24
00000720   __TI_Handler_Table_Base
0000072c   __TI_Handler_Table_Limit
00000738   __TI_CINIT_Base
00000748   __TI_CINIT_Limit
20000000   g_pfnRAMVectors
2000026c   __stack
2000046c   __STACK_END
2000046c   __STACK_TOP
2000046c   _lock
20000470   _unlock
20000474   __TI_cleanup_ptr
20000478   __TI_dtors_ptr
2000047c   millis
20000480   main_func_sp
ffffffff   __binit__
ffffffff   __c_args__
ffffffff   binit
UNDEFED    SHT$$INIT_ARRAY$$Base
UNDEFED    SHT$$INIT_ARRAY$$Limit

[52 symbols]
