******************************************************************************
                  TI ARM Linker PC v5.1.5                      
******************************************************************************
>> Linked Sat Oct 11 19:42:23 2014

OUTPUT FILE NAME:   <Start Project Example.out>
ENTRY POINT SYMBOL: "_c_int00"  address: 000004ed


MEMORY CONFIGURATION

         name            origin    length      used     unused   attr    fill
----------------------  --------  ---------  --------  --------  ----  --------
  FLASH                 00000000   00040000  0000070a  0003f8f6  R  X
  SRAM                  20000000   00008000  00000484  00007b7c  RW X


SEGMENT ALLOCATION MAP

run origin  load origin   length   init length attrs members
----------  ----------- ---------- ----------- ----- -------
00000000    00000000    00000710   00000710    r-x
  00000000    00000000    0000026c   0000026c    r-- .intvecs
  0000026c    0000026c    00000466   00000466    r-x .text
  000006d8    000006d8    00000038   00000038    r-- .cinit
20000000    20000000    00000484   00000000    rw-
  20000000    20000000    0000026c   00000000    rw- .vtable
  2000026c    2000026c    00000200   00000000    rw- .stack
  2000046c    2000046c    00000018   00000000    rw- .data


SECTION ALLOCATION MAP

 output                                  attributes/
section   page    origin      length       input sections
--------  ----  ----------  ----------   ----------------
.intvecs   0    00000000    0000026c     
                  00000000    0000026c     tm4c123gh6pm_startup_ccs.obj (.intvecs)

.init_array 
*          0    00000000    00000000     UNINITIALIZED

.text      0    0000026c    00000466     
                  0000026c    000000f0     driverlib.lib : sysctl.obj (.text:SysCtlClockSet)
                  0000035c    0000009c     rtsv7M4_T_le_v4SPD16_eabi.lib : memcpy_t2.obj (.text)
                  000003f8    00000094                                   : auto_init.obj (.text)
                  0000048c    0000005e                                   : copy_decompress_rle.obj (.text)
                  000004ea    00000002     --HOLE-- [fill = 0]
                  000004ec    00000048                                   : boot.obj (.text)
                  00000534    00000044                                   : cpy_tbl.obj (.text)
                  00000578    00000044                                   : exit.obj (.text)
                  000005bc    0000003c     main.obj (.text)
                  000005f8    00000034     driverlib.lib : interrupt.obj (.text:IntRegister)
                  0000062c    0000001c                   : systick.obj (.text:SysTickIntRegister)
                  00000648    00000018     rtsv7M4_T_le_v4SPD16_eabi.lib : args_main.obj (.text)
                  00000660    00000014     driverlib.lib : systick.obj (.text:SysTickIntEnable)
                  00000674    00000014     rtsv7M4_T_le_v4SPD16_eabi.lib : _lock.obj (.text)
                  00000688    00000012                                   : copy_zero_init.obj (.text:decompress:ZI)
                  0000069a    00000002     --HOLE-- [fill = 0]
                  0000069c    00000010     driverlib.lib : systick.obj (.text:SysTickPeriodSet)
                  000006ac    0000000e     rtsv7M4_T_le_v4SPD16_eabi.lib : copy_decompress_none.obj (.text:decompress:none)
                  000006ba    0000000c     tm4c123gh6pm_startup_ccs.obj (.text)
                  000006c6    00000006     driverlib.lib : sysctl.obj (.text:SysCtlDelay)
                  000006cc    00000006     rtsv7M4_T_le_v4SPD16_eabi.lib : copy_decompress_rle.obj (.text:decompress:rle24)

.cinit     0    000006d8    00000038     
                  000006d8    0000000f     (.cinit..data.load) [load image, compression = rle]
                  000006e7    00000001     --HOLE-- [fill = 0]
                  000006e8    0000000c     (__TI_handler_table)
                  000006f4    00000004     --HOLE-- [fill = 0]
                  000006f8    00000008     (.cinit..vtable.load) [load image, compression = zero_init]
                  00000700    00000010     (__TI_cinit_table)

.vtable    0    20000000    0000026c     UNINITIALIZED
                  20000000    0000026c     driverlib.lib : interrupt.obj (.vtable)

.stack     0    2000026c    00000200     UNINITIALIZED
                  2000026c    00000200     --HOLE--

.data      0    2000046c    00000018     UNINITIALIZED
                  2000046c    00000008     rtsv7M4_T_le_v4SPD16_eabi.lib : _lock.obj (.data)
                  20000474    00000008                                   : exit.obj (.data)
                  2000047c    00000004     main.obj (.data)
                  20000480    00000004     rtsv7M4_T_le_v4SPD16_eabi.lib : stkdepth_vars.obj (.data)


LINKER GENERATED COPY TABLES

__TI_cinit_table @ 00000700 records: 2, size/record: 8, table size: 16
	.data: load addr=000006d8, load size=0000000f bytes, run addr=2000046c, run size=00000018 bytes, compression=rle
	.vtable: load addr=000006f8, load size=00000008 bytes, run addr=20000000, run size=0000026c bytes, compression=zero_init


LINKER GENERATED HANDLER TABLE

__TI_handler_table @ 000006e8 records: 3, size/record: 4, table size: 12
	index: 0, handler: __TI_zero_init
	index: 1, handler: __TI_decompress_rle24
	index: 2, handler: __TI_decompress_none


GLOBAL SYMBOLS: SORTED ALPHABETICALLY BY Name 

address    name
--------   ----
00000579   C$$EXIT
000005f9   IntRegister
000006bb   ResetISR
UNDEFED    SHT$$INIT_ARRAY$$Base
UNDEFED    SHT$$INIT_ARRAY$$Limit
000005bd   SycTickInt
0000026d   SysCtlClockSet
000006c7   SysCtlDelay
00000661   SysTickIntEnable
0000062d   SysTickIntRegister
0000069d   SysTickPeriodSet
000005c7   SysTickbegin
2000046c   __STACK_END
00000200   __STACK_SIZE
2000046c   __STACK_TOP
00000700   __TI_CINIT_Base
00000710   __TI_CINIT_Limit
000006e8   __TI_Handler_Table_Base
000006f4   __TI_Handler_Table_Limit
00000001   __TI_args_main
000003f9   __TI_auto_init
20000474   __TI_cleanup_ptr
000006ad   __TI_decompress_none
000006cd   __TI_decompress_rle24
20000478   __TI_dtors_ptr
00000000   __TI_static_base__
00000689   __TI_zero_init
0000035d   __aeabi_memcpy
0000035d   __aeabi_memcpy4
0000035d   __aeabi_memcpy8
ffffffff   __binit__
ffffffff   __c_args__
2000026c   __stack
00000649   _args_main
000004ed   _c_int00
2000046c   _lock
00000683   _nop
0000067b   _register_lock
00000675   _register_unlock
20000470   _unlock
0000057d   abort
ffffffff   binit
00000535   copy_in
00000585   exit
20000000   g_pfnRAMVectors
00000000   g_pfnVectors
000005db   main
20000480   main_func_sp
0000035d   memcpy
2000047c   milis


GLOBAL SYMBOLS: SORTED BY Symbol Address 

address    name
--------   ----
00000000   __TI_static_base__
00000000   g_pfnVectors
00000001   __TI_args_main
00000200   __STACK_SIZE
0000026d   SysCtlClockSet
0000035d   __aeabi_memcpy
0000035d   __aeabi_memcpy4
0000035d   __aeabi_memcpy8
0000035d   memcpy
000003f9   __TI_auto_init
000004ed   _c_int00
00000535   copy_in
00000579   C$$EXIT
0000057d   abort
00000585   exit
000005bd   SycTickInt
000005c7   SysTickbegin
000005db   main
000005f9   IntRegister
0000062d   SysTickIntRegister
00000649   _args_main
00000661   SysTickIntEnable
00000675   _register_unlock
0000067b   _register_lock
00000683   _nop
00000689   __TI_zero_init
0000069d   SysTickPeriodSet
000006ad   __TI_decompress_none
000006bb   ResetISR
000006c7   SysCtlDelay
000006cd   __TI_decompress_rle24
000006e8   __TI_Handler_Table_Base
000006f4   __TI_Handler_Table_Limit
00000700   __TI_CINIT_Base
00000710   __TI_CINIT_Limit
20000000   g_pfnRAMVectors
2000026c   __stack
2000046c   __STACK_END
2000046c   __STACK_TOP
2000046c   _lock
20000470   _unlock
20000474   __TI_cleanup_ptr
20000478   __TI_dtors_ptr
2000047c   milis
20000480   main_func_sp
ffffffff   __binit__
ffffffff   __c_args__
ffffffff   binit
UNDEFED    SHT$$INIT_ARRAY$$Base
UNDEFED    SHT$$INIT_ARRAY$$Limit

[50 symbols]
