******************************************************************************
                  TI ARM Linker PC v5.1.6                      
******************************************************************************
>> Linked Wed Feb 11 13:03:14 2015

OUTPUT FILE NAME:   <Blink example.out>
ENTRY POINT SYMBOL: "_c_int00"  address: 0000078d


MEMORY CONFIGURATION

         name            origin    length      used     unused   attr    fill
----------------------  --------  ---------  --------  --------  ----  --------
  FLASH                 00000000   00040000  00000964  0003f69c  R  X
  SRAM                  20000000   00008000  00000214  00007dec  RW X


SEGMENT ALLOCATION MAP

run origin  load origin   length   init length attrs members
----------  ----------- ---------- ----------- ----- -------
00000000    00000000    00000968   00000968    r-x
  00000000    00000000    0000026c   0000026c    r-- .intvecs
  0000026c    0000026c    000006d8   000006d8    r-x .text
  00000948    00000948    00000020   00000020    r-- .cinit
20000000    20000000    00000214   00000000    rw-
  20000000    20000000    00000200   00000000    rw- .stack
  20000200    20000200    00000014   00000000    rw- .data


SECTION ALLOCATION MAP

 output                                  attributes/
section   page    origin      length       input sections
--------  ----  ----------  ----------   ----------------
.intvecs   0    00000000    0000026c     
                  00000000    0000026c     tm4c123gh6pm_startup_ccs.obj (.intvecs)

.init_array 
*          0    00000000    00000000     UNINITIALIZED

.text      0    0000026c    000006d8     
                  0000026c    00000170     main.obj (.text)
                  000003dc    00000130     driverlib.lib : gpio.obj (.text:GPIOPadConfigSet)
                  0000050c    000000f0                   : sysctl.obj (.text:SysCtlClockSet)
                  000005fc    0000009c     rtsv7M4_T_le_v4SPD16_eabi.lib : memcpy_t2.obj (.text)
                  00000698    00000094                                   : auto_init.obj (.text)
                  0000072c    0000005e                                   : copy_decompress_rle.obj (.text)
                  0000078a    00000002     --HOLE-- [fill = 0]
                  0000078c    00000048                                   : boot.obj (.text)
                  000007d4    00000044                                   : cpy_tbl.obj (.text)
                  00000818    00000044                                   : exit.obj (.text)
                  0000085c    00000034     driverlib.lib : sysctl.obj (.text:SysCtlPeripheralEnable)
                  00000890    0000002a                   : gpio.obj (.text:GPIODirModeSet)
                  000008ba    00000018                   : gpio.obj (.text:GPIOPinTypeGPIOOutput)
                  000008d2    00000002     --HOLE-- [fill = 0]
                  000008d4    00000018     rtsv7M4_T_le_v4SPD16_eabi.lib : args_main.obj (.text)
                  000008ec    00000014                                   : _lock.obj (.text)
                  00000900    00000012     driverlib.lib : gpio.obj (.text:GPIOPinTypeGPIOInput)
                  00000912    0000000e     rtsv7M4_T_le_v4SPD16_eabi.lib : copy_decompress_none.obj (.text:decompress:none)
                  00000920    0000000c     tm4c123gh6pm_startup_ccs.obj (.text)
                  0000092c    00000006     driverlib.lib : gpio.obj (.text:GPIOPinRead)
                  00000932    00000006                   : gpio.obj (.text:GPIOPinWrite)
                  00000938    00000006                   : sysctl.obj (.text:SysCtlDelay)
                  0000093e    00000006     rtsv7M4_T_le_v4SPD16_eabi.lib : copy_decompress_rle.obj (.text:decompress:rle24)

.cinit     0    00000948    00000020     
                  00000948    0000000f     (.cinit..data.load) [load image, compression = rle]
                  00000957    00000001     --HOLE-- [fill = 0]
                  00000958    00000008     (__TI_handler_table)
                  00000960    00000008     (__TI_cinit_table)

.stack     0    20000000    00000200     UNINITIALIZED
                  20000000    00000200     --HOLE--

.data      0    20000200    00000014     UNINITIALIZED
                  20000200    00000008     rtsv7M4_T_le_v4SPD16_eabi.lib : _lock.obj (.data)
                  20000208    00000008                                   : exit.obj (.data)
                  20000210    00000004                                   : stkdepth_vars.obj (.data)


LINKER GENERATED COPY TABLES

__TI_cinit_table @ 00000960 records: 1, size/record: 8, table size: 8
	.data: load addr=00000948, load size=0000000f bytes, run addr=20000200, run size=00000014 bytes, compression=rle


LINKER GENERATED HANDLER TABLE

__TI_handler_table @ 00000958 records: 2, size/record: 4, table size: 8
	index: 0, handler: __TI_decompress_rle24
	index: 1, handler: __TI_decompress_none


GLOBAL SYMBOLS: SORTED ALPHABETICALLY BY Name 

address    name
--------   ----
00000819   C$$EXIT
00000891   GPIODirModeSet
000003dd   GPIOPadConfigSet
0000092d   GPIOPinRead
00000901   GPIOPinTypeGPIOInput
000008bb   GPIOPinTypeGPIOOutput
00000933   GPIOPinWrite
00000921   ResetISR
UNDEFED    SHT$$INIT_ARRAY$$Base
UNDEFED    SHT$$INIT_ARRAY$$Limit
0000050d   SysCtlClockSet
00000939   SysCtlDelay
0000085d   SysCtlPeripheralEnable
20000200   __STACK_END
00000200   __STACK_SIZE
20000200   __STACK_TOP
00000960   __TI_CINIT_Base
00000968   __TI_CINIT_Limit
00000958   __TI_Handler_Table_Base
00000960   __TI_Handler_Table_Limit
00000001   __TI_args_main
00000699   __TI_auto_init
20000208   __TI_cleanup_ptr
00000913   __TI_decompress_none
0000093f   __TI_decompress_rle24
2000020c   __TI_dtors_ptr
00000000   __TI_static_base__
000005fd   __aeabi_memcpy
000005fd   __aeabi_memcpy4
000005fd   __aeabi_memcpy8
ffffffff   __binit__
ffffffff   __c_args__
20000000   __stack
000008d5   _args_main
0000078d   _c_int00
20000200   _lock
000008fb   _nop
000008f3   _register_lock
000008ed   _register_unlock
20000204   _unlock
0000081d   abort
ffffffff   binit
000007d5   copy_in
00000825   exit
00000000   g_pfnVectors
0000026d   main
20000210   main_func_sp
000005fd   memcpy


GLOBAL SYMBOLS: SORTED BY Symbol Address 

address    name
--------   ----
00000000   __TI_static_base__
00000000   g_pfnVectors
00000001   __TI_args_main
00000200   __STACK_SIZE
0000026d   main
000003dd   GPIOPadConfigSet
0000050d   SysCtlClockSet
000005fd   __aeabi_memcpy
000005fd   __aeabi_memcpy4
000005fd   __aeabi_memcpy8
000005fd   memcpy
00000699   __TI_auto_init
0000078d   _c_int00
000007d5   copy_in
00000819   C$$EXIT
0000081d   abort
00000825   exit
0000085d   SysCtlPeripheralEnable
00000891   GPIODirModeSet
000008bb   GPIOPinTypeGPIOOutput
000008d5   _args_main
000008ed   _register_unlock
000008f3   _register_lock
000008fb   _nop
00000901   GPIOPinTypeGPIOInput
00000913   __TI_decompress_none
00000921   ResetISR
0000092d   GPIOPinRead
00000933   GPIOPinWrite
00000939   SysCtlDelay
0000093f   __TI_decompress_rle24
00000958   __TI_Handler_Table_Base
00000960   __TI_CINIT_Base
00000960   __TI_Handler_Table_Limit
00000968   __TI_CINIT_Limit
20000000   __stack
20000200   __STACK_END
20000200   __STACK_TOP
20000200   _lock
20000204   _unlock
20000208   __TI_cleanup_ptr
2000020c   __TI_dtors_ptr
20000210   main_func_sp
ffffffff   __binit__
ffffffff   __c_args__
ffffffff   binit
UNDEFED    SHT$$INIT_ARRAY$$Base
UNDEFED    SHT$$INIT_ARRAY$$Limit

[48 symbols]
